<?xml version="1.0" encoding="utf-8"?><testsuites><testsuite name="pytest" errors="0" failures="0" skipped="0" tests="9" time="93.324" timestamp="2023-07-26T16:11:00.518069" hostname="wf"><testcase classname="Test.TestCase.test_001_login.TestLogin" name="test_001_login[background-System@2022-0]" time="6.048" /><testcase classname="Test.TestCase.test_002_pip.TestPip" name="test_001_PipWarn[background-System@2022-0]" time="13.034" /><testcase classname="Test.TestCase.test_002_pip.TestPip" name="test_002_PipWarnpoint[background-System@2022-0]" time="16.488" /><testcase classname="Test.TestCase.test_002_pip.TestPip" name="test_003_PipDevicepoint[background-System@2022-0]" time="18.159" /><testcase classname="Test.TestCase.test_002_pip.TestPip" name="test_004_Pipdevice[background-System@2022-0]" time="0.314" /><testcase classname="Test.TestCase.test_002_pip.TestPip" name="test_005_Piponlinedevice[background-System@2022-0]" time="3.282" /><testcase classname="Test.TestCase.test_002_pip.TestPip" name="test_006_Pipofflinedevice[background-System@2022-0]" time="1.401" /><testcase classname="Test.TestCase.test_002_pip.TestPip" name="test_007_Pipobject[background-System@2022-0]" time="30.370" /><testcase classname="Test.TestCase.test_002_pip.TestPip" name="test_008_Pipmonitoring[background-System@2022-0]" time="3.805" /></testsuite></testsuites>